---
source: tests/fixtures.rs
expression: "common::tree_sexp(&tree)"
---
(source_file
  (workspace body:
    (workspace_block
      (model body:
        (model_block
          (software_system identifier:
            (identifier) name:
            (string))))
      (views body:
        (views_block
          (system_landscape_view key:
            (string) body:
            (system_landscape_view_block
              (include_statement value:
                (wildcard))
              (auto_layout_statement)))
          (system_context_view scope:
            (identifier) key:
            (string) body:
            (system_context_view_block
              (include_statement value:
                (wildcard))
              (animation_statement body:
                (animation_block value:
                  (identifier)))
              (auto_layout_statement))))))))
