---
source: crates/structurizr-check/tests/cli.rs
info:
  program: structurizr-check
  args:
    - "--output-format"
    - json
    - check
    - tests/lsp/workspaces/big-bank-plc
---
success: false
exit_code: 1
----- stdout -----
{
  "summary": {
    "documents_checked": 6,
    "diagnostics": 52,
    "errors": 52,
    "warnings": 0
  },
  "diagnostics": [
    {
      "path": "tests/lsp/workspaces/big-bank-plc/internet-banking-system.dsl",
      "severity": "error",
      "code": "syntax.error-node",
      "source": "syntax",
      "message": "unexpected syntax",
      "span": {
        "start_byte": 7165,
        "end_byte": 7197,
        "start": {
          "line": 157,
          "column": 13
        },
        "end": {
          "line": 157,
          "column": 45
        }
      }
    },
    {
      "path": "tests/lsp/workspaces/big-bank-plc/internet-banking-system.dsl",
      "severity": "error",
      "code": "syntax.error-node",
      "source": "syntax",
      "message": "unexpected syntax",
      "span": {
        "start_byte": 7179,
        "end_byte": 7180,
        "start": {
          "line": 157,
          "column": 27
        },
        "end": {
          "line": 157,
          "column": 28
        }
      }
    },
    {
      "path": "tests/lsp/workspaces/big-bank-plc/internet-banking-system.dsl",
      "severity": "error",
      "code": "syntax.error-node",
      "source": "syntax",
      "message": "unexpected syntax",
      "span": {
        "start_byte": 7185,
        "end_byte": 7197,
        "start": {
          "line": 157,
          "column": 33
        },
        "end": {
          "line": 157,
          "column": 45
        }
      }
    },
    {
      "path": "tests/lsp/workspaces/big-bank-plc/model/internet-banking-system/details.dsl",
      "severity": "error",
      "code": "syntax.error-node",
      "source": "syntax",
      "message": "unexpected syntax",
      "span": {
        "start_byte": 0,
        "end_byte": 1649,
        "start": {
          "line": 1,
          "column": 1
        },
        "end": {
          "line": 16,
          "column": 1
        }
      }
    },
    {
      "path": "tests/lsp/workspaces/big-bank-plc/model/internet-banking-system/details.dsl",
      "severity": "error",
      "code": "syntax.error-node",
      "source": "syntax",
      "message": "unexpected syntax",
      "span": {
        "start_byte": 0,
        "end_byte": 21,
        "start": {
          "line": 1,
          "column": 1
        },
        "end": {
          "line": 1,
          "column": 22
        }
      }
    },
    {
      "path": "tests/lsp/workspaces/big-bank-plc/model/internet-banking-system/details.dsl",
      "severity": "error",
      "code": "syntax.error-node",
      "source": "syntax",
      "message": "unexpected syntax",
      "span": {
        "start_byte": 188,
        "end_byte": 197,
        "start": {
          "line": 2,
          "column": 1
        },
        "end": {
          "line": 2,
          "column": 10
        }
      }
    },
    {
      "path": "tests/lsp/workspaces/big-bank-plc/model/internet-banking-system/details.dsl",
      "severity": "error",
      "code": "syntax.error-node",
      "source": "syntax",
      "message": "unexpected syntax",
      "span": {
        "start_byte": 350,
        "end_byte": 364,
        "start": {
          "line": 3,
          "column": 1
        },
        "end": {
          "line": 3,
          "column": 15
        }
      }
    },
    {
      "path": "tests/lsp/workspaces/big-bank-plc/model/internet-banking-system/details.dsl",
      "severity": "error",
      "code": "syntax.error-node",
      "source": "syntax",
      "message": "unexpected syntax",
      "span": {
        "start_byte": 497,
        "end_byte": 511,
        "start": {
          "line": 4,
          "column": 1
        },
        "end": {
          "line": 4,
          "column": 15
        }
      }
    },
    {
      "path": "tests/lsp/workspaces/big-bank-plc/model/internet-banking-system/details.dsl",
      "severity": "error",
      "code": "syntax.error-node",
      "source": "syntax",
      "message": "unexpected syntax",
      "span": {
        "start_byte": 634,
        "end_byte": 650,
        "start": {
          "line": 5,
          "column": 5
        },
        "end": {
          "line": 5,
          "column": 21
        }
      }
    },
    {
      "path": "tests/lsp/workspaces/big-bank-plc/model/internet-banking-system/details.dsl",
      "severity": "error",
      "code": "syntax.error-node",
      "source": "syntax",
      "message": "unexpected syntax",
      "span": {
        "start_byte": 775,
        "end_byte": 800,
        "start": {
          "line": 6,
          "column": 5
        },
        "end": {
          "line": 6,
          "column": 30
        }
      }
    },
    {
      "path": "tests/lsp/workspaces/big-bank-plc/model/internet-banking-system/details.dsl",
      "severity": "error",
      "code": "syntax.error-node",
      "source": "syntax",
      "message": "unexpected syntax",
      "span": {
        "start_byte": 936,
        "end_byte": 959,
        "start": {
          "line": 7,
          "column": 5
        },
        "end": {
          "line": 7,
          "column": 28
        }
      }
    },
    {
      "path": "tests/lsp/workspaces/big-bank-plc/model/internet-banking-system/details.dsl",
      "severity": "error",
      "code": "syntax.error-node",
      "source": "syntax",
      "message": "unexpected syntax",
      "span": {
        "start_byte": 1096,
        "end_byte": 1104,
        "start": {
          "line": 8,
          "column": 5
        },
        "end": {
          "line": 8,
          "column": 13
        }
      }
    },
    {
      "path": "tests/lsp/workspaces/big-bank-plc/model/internet-banking-system/details.dsl",
      "severity": "error",
      "code": "syntax.error-node",
      "source": "syntax",
      "message": "unexpected syntax",
      "span": {
        "start_byte": 1238,
        "end_byte": 1266,
        "start": {
          "line": 9,
          "column": 5
        },
        "end": {
          "line": 9,
          "column": 33
        }
      }
    },
    {
      "path": "tests/lsp/workspaces/big-bank-plc/model/internet-banking-system/details.dsl",
      "severity": "error",
      "code": "syntax.error-node",
      "source": "syntax",
      "message": "unexpected syntax",
      "span": {
        "start_byte": 1377,
        "end_byte": 1382,
        "start": {
          "line": 10,
          "column": 5
        },
        "end": {
          "line": 10,
          "column": 10
        }
      }
    },
    {
      "path": "tests/lsp/workspaces/big-bank-plc/model/internet-banking-system/details.dsl",
      "severity": "error",
      "code": "syntax.error-node",
      "source": "syntax",
      "message": "unexpected syntax",
      "span": {
        "start_byte": 1465,
        "end_byte": 1473,
        "start": {
          "line": 12,
          "column": 1
        },
        "end": {
          "line": 12,
          "column": 9
        }
      }
    },
    {
      "path": "tests/lsp/workspaces/big-bank-plc/model/internet-banking-system/details.dsl",
      "severity": "error",
      "code": "syntax.error-node",
      "source": "syntax",
      "message": "unexpected syntax",
      "span": {
        "start_byte": 1633,
        "end_byte": 1637,
        "start": {
          "line": 14,
          "column": 7
        },
        "end": {
          "line": 14,
          "column": 11
        }
      }
    },
    {
      "path": "tests/lsp/workspaces/big-bank-plc/model/internet-banking-system/details.dsl",
      "severity": "error",
      "code": "syntax.error-node",
      "source": "syntax",
      "message": "unexpected syntax",
      "span": {
        "start_byte": 1644,
        "end_byte": 1648,
        "start": {
          "line": 15,
          "column": 7
        },
        "end": {
          "line": 15,
          "column": 11
        }
      }
    },
    {
      "path": "tests/lsp/workspaces/big-bank-plc/model/internet-banking-system/summary.dsl",
      "severity": "error",
      "code": "syntax.error-node",
      "source": "syntax",
      "message": "unexpected syntax",
      "span": {
        "start_byte": 0,
        "end_byte": 10,
        "start": {
          "line": 1,
          "column": 1
        },
        "end": {
          "line": 1,
          "column": 11
        }
      }
    },
    {
      "path": "tests/lsp/workspaces/big-bank-plc/model/internet-banking-system/summary.dsl",
      "severity": "error",
      "code": "syntax.error-node",
      "source": "syntax",
      "message": "unexpected syntax",
      "span": {
        "start_byte": 4,
        "end_byte": 9,
        "start": {
          "line": 1,
          "column": 5
        },
        "end": {
          "line": 1,
          "column": 10
        }
      }
    },
    {
      "path": "tests/lsp/workspaces/big-bank-plc/model/people-and-software-systems.dsl",
      "severity": "error",
      "code": "syntax.error-node",
      "source": "syntax",
      "message": "unexpected syntax",
      "span": {
        "start_byte": 0,
        "end_byte": 1462,
        "start": {
          "line": 1,
          "column": 1
        },
        "end": {
          "line": 26,
          "column": 1
        }
      }
    },
    {
      "path": "tests/lsp/workspaces/big-bank-plc/model/people-and-software-systems.dsl",
      "severity": "error",
      "code": "syntax.error-node",
      "source": "syntax",
      "message": "unexpected syntax",
      "span": {
        "start_byte": 0,
        "end_byte": 871,
        "start": {
          "line": 1,
          "column": 1
        },
        "end": {
          "line": 11,
          "column": 156
        }
      }
    },
    {
      "path": "tests/lsp/workspaces/big-bank-plc/model/people-and-software-systems.dsl",
      "severity": "error",
      "code": "syntax.error-node",
      "source": "syntax",
      "message": "unexpected syntax",
      "span": {
        "start_byte": 6,
        "end_byte": 8,
        "start": {
          "line": 1,
          "column": 7
        },
        "end": {
          "line": 1,
          "column": 9
        }
      }
    },
    {
      "path": "tests/lsp/workspaces/big-bank-plc/model/people-and-software-systems.dsl",
      "severity": "error",
      "code": "syntax.error-node",
      "source": "syntax",
      "message": "unexpected syntax",
      "span": {
        "start_byte": 140,
        "end_byte": 152,
        "start": {
          "line": 4,
          "column": 5
        },
        "end": {
          "line": 4,
          "column": 17
        }
      }
    },
    {
      "path": "tests/lsp/workspaces/big-bank-plc/model/people-and-software-systems.dsl",
      "severity": "error",
      "code": "syntax.error-node",
      "source": "syntax",
      "message": "unexpected syntax",
      "span": {
        "start_byte": 246,
        "end_byte": 256,
        "start": {
          "line": 5,
          "column": 5
        },
        "end": {
          "line": 5,
          "column": 15
        }
      }
    },
    {
      "path": "tests/lsp/workspaces/big-bank-plc/model/people-and-software-systems.dsl",
      "severity": "error",
      "code": "syntax.error-node",
      "source": "syntax",
      "message": "unexpected syntax",
      "span": {
        "start_byte": 356,
        "end_byte": 365,
        "start": {
          "line": 7,
          "column": 5
        },
        "end": {
          "line": 7,
          "column": 14
        }
      }
    },
    {
      "path": "tests/lsp/workspaces/big-bank-plc/model/people-and-software-systems.dsl",
      "severity": "error",
      "code": "syntax.error-node",
      "source": "syntax",
      "message": "unexpected syntax",
      "span": {
        "start_byte": 523,
        "end_byte": 528,
        "start": {
          "line": 8,
          "column": 5
        },
        "end": {
          "line": 8,
          "column": 10
        }
      }
    },
    {
      "path": "tests/lsp/workspaces/big-bank-plc/model/people-and-software-systems.dsl",
      "severity": "error",
      "code": "syntax.error-node",
      "source": "syntax",
      "message": "unexpected syntax",
      "span": {
        "start_byte": 633,
        "end_byte": 636,
        "start": {
          "line": 9,
          "column": 5
        },
        "end": {
          "line": 9,
          "column": 8
        }
      }
    },
    {
      "path": "tests/lsp/workspaces/big-bank-plc/model/people-and-software-systems.dsl",
      "severity": "error",
      "code": "syntax.error-node",
      "source": "syntax",
      "message": "unexpected syntax",
      "span": {
        "start_byte": 720,
        "end_byte": 741,
        "start": {
          "line": 11,
          "column": 5
        },
        "end": {
          "line": 11,
          "column": 26
        }
      }
    },
    {
      "path": "tests/lsp/workspaces/big-bank-plc/model/people-and-software-systems.dsl",
      "severity": "error",
      "code": "include.missing-local-target",
      "source": "include",
      "message": "included path does not exist: internet-banking-system/${INTERNET_BANKING_SYSTEM_INCLUDE}",
      "span": {
        "start_byte": 880,
        "end_byte": 949,
        "start": {
          "line": 12,
          "column": 9
        },
        "end": {
          "line": 12,
          "column": 78
        }
      }
    },
    {
      "path": "tests/lsp/workspaces/big-bank-plc/model/people-and-software-systems.dsl",
      "severity": "error",
      "code": "syntax.error-node",
      "source": "syntax",
      "message": "unexpected syntax",
      "span": {
        "start_byte": 1017,
        "end_byte": 1019,
        "start": {
          "line": 17,
          "column": 7
        },
        "end": {
          "line": 17,
          "column": 9
        }
      }
    },
    {
      "path": "tests/lsp/workspaces/big-bank-plc/model/people-and-software-systems.dsl",
      "severity": "error",
      "code": "syntax.error-node",
      "source": "syntax",
      "message": "unexpected syntax",
      "span": {
        "start_byte": 1023,
        "end_byte": 1044,
        "start": {
          "line": 17,
          "column": 13
        },
        "end": {
          "line": 17,
          "column": 34
        }
      }
    },
    {
      "path": "tests/lsp/workspaces/big-bank-plc/model/people-and-software-systems.dsl",
      "severity": "error",
      "code": "syntax.error-node",
      "source": "syntax",
      "message": "unexpected syntax",
      "span": {
        "start_byte": 1096,
        "end_byte": 1117,
        "start": {
          "line": 18,
          "column": 1
        },
        "end": {
          "line": 18,
          "column": 22
        }
      }
    },
    {
      "path": "tests/lsp/workspaces/big-bank-plc/model/people-and-software-systems.dsl",
      "severity": "error",
      "code": "syntax.error-node",
      "source": "syntax",
      "message": "unexpected syntax",
      "span": {
        "start_byte": 1121,
        "end_byte": 1130,
        "start": {
          "line": 18,
          "column": 26
        },
        "end": {
          "line": 18,
          "column": 35
        }
      }
    },
    {
      "path": "tests/lsp/workspaces/big-bank-plc/model/people-and-software-systems.dsl",
      "severity": "error",
      "code": "syntax.error-node",
      "source": "syntax",
      "message": "unexpected syntax",
      "span": {
        "start_byte": 1189,
        "end_byte": 1210,
        "start": {
          "line": 19,
          "column": 1
        },
        "end": {
          "line": 19,
          "column": 22
        }
      }
    },
    {
      "path": "tests/lsp/workspaces/big-bank-plc/model/people-and-software-systems.dsl",
      "severity": "error",
      "code": "syntax.error-node",
      "source": "syntax",
      "message": "unexpected syntax",
      "span": {
        "start_byte": 1214,
        "end_byte": 1219,
        "start": {
          "line": 19,
          "column": 26
        },
        "end": {
          "line": 19,
          "column": 31
        }
      }
    },
    {
      "path": "tests/lsp/workspaces/big-bank-plc/model/people-and-software-systems.dsl",
      "severity": "error",
      "code": "syntax.error-node",
      "source": "syntax",
      "message": "unexpected syntax",
      "span": {
        "start_byte": 1241,
        "end_byte": 1246,
        "start": {
          "line": 20,
          "column": 1
        },
        "end": {
          "line": 20,
          "column": 6
        }
      }
    },
    {
      "path": "tests/lsp/workspaces/big-bank-plc/model/people-and-software-systems.dsl",
      "severity": "error",
      "code": "syntax.error-node",
      "source": "syntax",
      "message": "unexpected syntax",
      "span": {
        "start_byte": 1256,
        "end_byte": 1258,
        "start": {
          "line": 20,
          "column": 16
        },
        "end": {
          "line": 20,
          "column": 18
        }
      }
    },
    {
      "path": "tests/lsp/workspaces/big-bank-plc/model/people-and-software-systems.dsl",
      "severity": "error",
      "code": "syntax.error-node",
      "source": "syntax",
      "message": "unexpected syntax",
      "span": {
        "start_byte": 1284,
        "end_byte": 1286,
        "start": {
          "line": 21,
          "column": 7
        },
        "end": {
          "line": 21,
          "column": 9
        }
      }
    },
    {
      "path": "tests/lsp/workspaces/big-bank-plc/model/people-and-software-systems.dsl",
      "severity": "error",
      "code": "syntax.error-node",
      "source": "syntax",
      "message": "unexpected syntax",
      "span": {
        "start_byte": 1290,
        "end_byte": 1302,
        "start": {
          "line": 21,
          "column": 13
        },
        "end": {
          "line": 21,
          "column": 25
        }
      }
    },
    {
      "path": "tests/lsp/workspaces/big-bank-plc/model/people-and-software-systems.dsl",
      "severity": "error",
      "code": "syntax.error-node",
      "source": "syntax",
      "message": "unexpected syntax",
      "span": {
        "start_byte": 1335,
        "end_byte": 1347,
        "start": {
          "line": 22,
          "column": 1
        },
        "end": {
          "line": 22,
          "column": 13
        }
      }
    },
    {
      "path": "tests/lsp/workspaces/big-bank-plc/model/people-and-software-systems.dsl",
      "severity": "error",
      "code": "syntax.error-node",
      "source": "syntax",
      "message": "unexpected syntax",
      "span": {
        "start_byte": 1351,
        "end_byte": 1360,
        "start": {
          "line": 22,
          "column": 17
        },
        "end": {
          "line": 22,
          "column": 26
        }
      }
    },
    {
      "path": "tests/lsp/workspaces/big-bank-plc/model/people-and-software-systems.dsl",
      "severity": "error",
      "code": "syntax.error-node",
      "source": "syntax",
      "message": "unexpected syntax",
      "span": {
        "start_byte": 1374,
        "end_byte": 1376,
        "start": {
          "line": 23,
          "column": 7
        },
        "end": {
          "line": 23,
          "column": 9
        }
      }
    },
    {
      "path": "tests/lsp/workspaces/big-bank-plc/model/people-and-software-systems.dsl",
      "severity": "error",
      "code": "syntax.error-node",
      "source": "syntax",
      "message": "unexpected syntax",
      "span": {
        "start_byte": 1380,
        "end_byte": 1383,
        "start": {
          "line": 23,
          "column": 13
        },
        "end": {
          "line": 23,
          "column": 16
        }
      }
    },
    {
      "path": "tests/lsp/workspaces/big-bank-plc/model/people-and-software-systems.dsl",
      "severity": "error",
      "code": "syntax.error-node",
      "source": "syntax",
      "message": "unexpected syntax",
      "span": {
        "start_byte": 1407,
        "end_byte": 1410,
        "start": {
          "line": 24,
          "column": 1
        },
        "end": {
          "line": 24,
          "column": 4
        }
      }
    },
    {
      "path": "tests/lsp/workspaces/big-bank-plc/model/people-and-software-systems.dsl",
      "severity": "error",
      "code": "syntax.error-node",
      "source": "syntax",
      "message": "unexpected syntax",
      "span": {
        "start_byte": 1414,
        "end_byte": 1423,
        "start": {
          "line": 24,
          "column": 8
        },
        "end": {
          "line": 24,
          "column": 17
        }
      }
    },
    {
      "path": "tests/lsp/workspaces/big-bank-plc/model/people-and-software-systems.dsl",
      "severity": "error",
      "code": "syntax.error-node",
      "source": "syntax",
      "message": "unexpected syntax",
      "span": {
        "start_byte": 1431,
        "end_byte": 1441,
        "start": {
          "line": 25,
          "column": 1
        },
        "end": {
          "line": 25,
          "column": 11
        }
      }
    },
    {
      "path": "tests/lsp/workspaces/big-bank-plc/model/people-and-software-systems.dsl",
      "severity": "error",
      "code": "syntax.error-node",
      "source": "syntax",
      "message": "unexpected syntax",
      "span": {
        "start_byte": 1445,
        "end_byte": 1454,
        "start": {
          "line": 25,
          "column": 15
        },
        "end": {
          "line": 25,
          "column": 24
        }
      }
    },
    {
      "path": "tests/lsp/workspaces/big-bank-plc/system-landscape.dsl",
      "severity": "error",
      "code": "syntax.error-node",
      "source": "syntax",
      "message": "unexpected syntax",
      "span": {
        "start_byte": 334,
        "end_byte": 366,
        "start": {
          "line": 15,
          "column": 13
        },
        "end": {
          "line": 15,
          "column": 45
        }
      }
    },
    {
      "path": "tests/lsp/workspaces/big-bank-plc/system-landscape.dsl",
      "severity": "error",
      "code": "syntax.error-node",
      "source": "syntax",
      "message": "unexpected syntax",
      "span": {
        "start_byte": 348,
        "end_byte": 349,
        "start": {
          "line": 15,
          "column": 27
        },
        "end": {
          "line": 15,
          "column": 28
        }
      }
    },
    {
      "path": "tests/lsp/workspaces/big-bank-plc/system-landscape.dsl",
      "severity": "error",
      "code": "syntax.error-node",
      "source": "syntax",
      "message": "unexpected syntax",
      "span": {
        "start_byte": 354,
        "end_byte": 366,
        "start": {
          "line": 15,
          "column": 33
        },
        "end": {
          "line": 15,
          "column": 45
        }
      }
    },
    {
      "path": "tests/lsp/workspaces/big-bank-plc/views/styles-people.dsl",
      "severity": "error",
      "code": "syntax.error-node",
      "source": "syntax",
      "message": "unexpected syntax",
      "span": {
        "start_byte": 0,
        "end_byte": 165,
        "start": {
          "line": 1,
          "column": 1
        },
        "end": {
          "line": 11,
          "column": 2
        }
      }
    },
    {
      "path": "tests/lsp/workspaces/big-bank-plc/views/styles-people.dsl",
      "severity": "error",
      "code": "syntax.error-node",
      "source": "syntax",
      "message": "unexpected syntax",
      "span": {
        "start_byte": 45,
        "end_byte": 49,
        "start": {
          "line": 3,
          "column": 9
        },
        "end": {
          "line": 3,
          "column": 13
        }
      }
    }
  ]
}

----- stderr -----
