---
source: crates/strz-grammar/tests/fixtures.rs
expression: tree_sexp(&tree)
---
(source_file
  (workspace body:
    (workspace_block
      (model body:
        (model_block
          (person identifier:
            (identifier) name:
            (string))
          (software_system identifier:
            (identifier) name:
            (string) body:
            (software_system_block
              (container identifier:
                (identifier) name:
                (string))))
          (relationship source:
            (identifier) operator:
            (relationship_operator) destination:
            (identifier) attribute:
            (string)))))))
