---
source: tests/fixtures.rs
expression: "common::tree_sexp(&tree)"
---
(source_file
  (workspace body:
    (workspace_block
      (model body:
        (model_block
          (software_system identifier:
            (identifier) name:
            (string))
          (software_system identifier:
            (identifier) name:
            (string))
          (relationship identifier:
            (identifier) source:
            (identifier) operator:
            (relationship_operator) destination:
            (identifier) attribute:
            (string) body:
            (relationship_block
              (tags_statement value:
                (string))))
          (relationship identifier:
            (identifier) source:
            (identifier) operator:
            (relationship_operator) destination:
            (identifier) attribute:
            (string) body:
            (relationship_block
              (tags_statement value:
                (string))))))
      (views body:
        (views_block
          (dynamic_view scope:
            (wildcard) body:
            (dynamic_view_block
              (dynamic_relationship_reference relationship:
                (identifier) description:
                (string))
              (auto_layout_statement))))))))
