---
source: tests/fixtures.rs
expression: tree_sexp(&tree)
---
(source_file
  (workspace body:
    (workspace_block
      (model body:
        (model_block
          (software_system identifier:
            (identifier) name:
            (string) body:
            (software_system_block
              (container identifier:
                (identifier) name:
                (string))))
          (deployment_environment identifier:
            (identifier) name:
            (string) body:
            (deployment_environment_block
              (deployment_node identifier:
                (identifier) name:
                (string) body:
                (deployment_node_block
                  (infrastructure_node identifier:
                    (identifier) name:
                    (string))
                  (container_instance
                    (container_instance_simple identifier:
                      (identifier) target:
                      (identifier) body:
                      (deployment_instance_block
                        (relationship source:
                          (identifier) operator:
                          (relationship_operator) destination:
                          (this_keyword) attribute:
                          (string)))))
                  (software_system_instance
                    (software_system_instance_simple target:
                      (identifier)))))
              (relationship source:
                (identifier) operator:
                (relationship_operator) destination:
                (identifier) attribute:
                (string))
              (relationship source:
                (identifier) operator:
                (relationship_operator) destination:
                (identifier) attribute:
                (string)))))))))
