---
source: tests/fixtures.rs
expression: tree_sexp(&tree)
---
(source_file
  (workspace body:
    (workspace_block
      (identifiers_directive value:
        (identifier))
      (ERROR
        (identifier)
        (identifier))
      (model body:
        (model_block
          (software_system identifier:
            (identifier) name:
            (string)))))))
