---
source: crates/strz-analysis/tests/document_snapshots.rs
assertion_line: 46
expression: "SnapshotView::from(&snapshot)"
---
SnapshotView {
    has_syntax_errors: false,
    diagnostics: [],
    include_directives: [],
    identifier_modes: [],
    symbols: [
        Symbol {
            id: SymbolId(
                0,
            ),
            kind: Person,
            display_name: "User",
            binding_name: Some(
                "user",
            ),
            binding_span: Some(
                TextSpan {
                    start_byte: 32,
                    end_byte: 36,
                    start_point: TextPoint {
                        row: 2,
                        column: 8,
                    },
                    end_point: TextPoint {
                        row: 2,
                        column: 12,
                    },
                },
            ),
            span: TextSpan {
                start_byte: 32,
                end_byte: 52,
                start_point: TextPoint {
                    row: 2,
                    column: 8,
                },
                end_point: TextPoint {
                    row: 2,
                    column: 28,
                },
            },
            parent: None,
            syntax_node_kind: "person",
        },
        Symbol {
            id: SymbolId(
                1,
            ),
            kind: SoftwareSystem,
            display_name: "System",
            binding_name: Some(
                "system",
            ),
            binding_span: Some(
                TextSpan {
                    start_byte: 61,
                    end_byte: 67,
                    start_point: TextPoint {
                        row: 3,
                        column: 8,
                    },
                    end_point: TextPoint {
                        row: 3,
                        column: 14,
                    },
                },
            ),
            span: TextSpan {
                start_byte: 61,
                end_byte: 233,
                start_point: TextPoint {
                    row: 3,
                    column: 8,
                },
                end_point: TextPoint {
                    row: 8,
                    column: 9,
                },
            },
            parent: None,
            syntax_node_kind: "software_system",
        },
        Symbol {
            id: SymbolId(
                2,
            ),
            kind: Container,
            display_name: "Web",
            binding_name: Some(
                "web",
            ),
            binding_span: Some(
                TextSpan {
                    start_byte: 108,
                    end_byte: 111,
                    start_point: TextPoint {
                        row: 4,
                        column: 12,
                    },
                    end_point: TextPoint {
                        row: 4,
                        column: 15,
                    },
                },
            ),
            span: TextSpan {
                start_byte: 108,
                end_byte: 129,
                start_point: TextPoint {
                    row: 4,
                    column: 12,
                },
                end_point: TextPoint {
                    row: 4,
                    column: 33,
                },
            },
            parent: Some(
                SymbolId(
                    1,
                ),
            ),
            syntax_node_kind: "container",
        },
        Symbol {
            id: SymbolId(
                3,
            ),
            kind: Container,
            display_name: "API",
            binding_name: Some(
                "api",
            ),
            binding_span: Some(
                TextSpan {
                    start_byte: 142,
                    end_byte: 145,
                    start_point: TextPoint {
                        row: 5,
                        column: 12,
                    },
                    end_point: TextPoint {
                        row: 5,
                        column: 15,
                    },
                },
            ),
            span: TextSpan {
                start_byte: 142,
                end_byte: 223,
                start_point: TextPoint {
                    row: 5,
                    column: 12,
                },
                end_point: TextPoint {
                    row: 7,
                    column: 13,
                },
            },
            parent: Some(
                SymbolId(
                    1,
                ),
            ),
            syntax_node_kind: "container",
        },
        Symbol {
            id: SymbolId(
                4,
            ),
            kind: Component,
            display_name: "Worker",
            binding_name: Some(
                "worker",
            ),
            binding_span: Some(
                TextSpan {
                    start_byte: 182,
                    end_byte: 188,
                    start_point: TextPoint {
                        row: 6,
                        column: 16,
                    },
                    end_point: TextPoint {
                        row: 6,
                        column: 22,
                    },
                },
            ),
            span: TextSpan {
                start_byte: 182,
                end_byte: 209,
                start_point: TextPoint {
                    row: 6,
                    column: 16,
                },
                end_point: TextPoint {
                    row: 6,
                    column: 43,
                },
            },
            parent: Some(
                SymbolId(
                    3,
                ),
            ),
            syntax_node_kind: "component",
        },
        Symbol {
            id: SymbolId(
                5,
            ),
            kind: DeploymentEnvironment,
            display_name: "Live",
            binding_name: Some(
                "live",
            ),
            binding_span: Some(
                TextSpan {
                    start_byte: 243,
                    end_byte: 247,
                    start_point: TextPoint {
                        row: 10,
                        column: 8,
                    },
                    end_point: TextPoint {
                        row: 10,
                        column: 12,
                    },
                },
            ),
            span: TextSpan {
                start_byte: 243,
                end_byte: 524,
                start_point: TextPoint {
                    row: 10,
                    column: 8,
                },
                end_point: TextPoint {
                    row: 17,
                    column: 9,
                },
            },
            parent: None,
            syntax_node_kind: "deployment_environment",
        },
        Symbol {
            id: SymbolId(
                6,
            ),
            kind: DeploymentNode,
            display_name: "Primary",
            binding_name: Some(
                "primary",
            ),
            binding_span: Some(
                TextSpan {
                    start_byte: 293,
                    end_byte: 300,
                    start_point: TextPoint {
                        row: 11,
                        column: 12,
                    },
                    end_point: TextPoint {
                        row: 11,
                        column: 19,
                    },
                },
            ),
            span: TextSpan {
                start_byte: 293,
                end_byte: 395,
                start_point: TextPoint {
                    row: 11,
                    column: 12,
                },
                end_point: TextPoint {
                    row: 13,
                    column: 13,
                },
            },
            parent: Some(
                SymbolId(
                    5,
                ),
            ),
            syntax_node_kind: "deployment_node",
        },
        Symbol {
            id: SymbolId(
                7,
            ),
            kind: ContainerInstance,
            display_name: "webInstance",
            binding_name: Some(
                "webInstance",
            ),
            binding_span: Some(
                TextSpan {
                    start_byte: 346,
                    end_byte: 357,
                    start_point: TextPoint {
                        row: 12,
                        column: 16,
                    },
                    end_point: TextPoint {
                        row: 12,
                        column: 27,
                    },
                },
            ),
            span: TextSpan {
                start_byte: 346,
                end_byte: 381,
                start_point: TextPoint {
                    row: 12,
                    column: 16,
                },
                end_point: TextPoint {
                    row: 12,
                    column: 51,
                },
            },
            parent: Some(
                SymbolId(
                    6,
                ),
            ),
            syntax_node_kind: "container_instance",
        },
        Symbol {
            id: SymbolId(
                8,
            ),
            kind: DeploymentNode,
            display_name: "Secondary",
            binding_name: Some(
                "secondary",
            ),
            binding_span: Some(
                TextSpan {
                    start_byte: 408,
                    end_byte: 417,
                    start_point: TextPoint {
                        row: 14,
                        column: 12,
                    },
                    end_point: TextPoint {
                        row: 14,
                        column: 21,
                    },
                },
            ),
            span: TextSpan {
                start_byte: 408,
                end_byte: 514,
                start_point: TextPoint {
                    row: 14,
                    column: 12,
                },
                end_point: TextPoint {
                    row: 16,
                    column: 13,
                },
            },
            parent: Some(
                SymbolId(
                    5,
                ),
            ),
            syntax_node_kind: "deployment_node",
        },
        Symbol {
            id: SymbolId(
                9,
            ),
            kind: ContainerInstance,
            display_name: "apiInstance",
            binding_name: Some(
                "apiInstance",
            ),
            binding_span: Some(
                TextSpan {
                    start_byte: 465,
                    end_byte: 476,
                    start_point: TextPoint {
                        row: 15,
                        column: 16,
                    },
                    end_point: TextPoint {
                        row: 15,
                        column: 27,
                    },
                },
            ),
            span: TextSpan {
                start_byte: 465,
                end_byte: 500,
                start_point: TextPoint {
                    row: 15,
                    column: 16,
                },
                end_point: TextPoint {
                    row: 15,
                    column: 51,
                },
            },
            parent: Some(
                SymbolId(
                    8,
                ),
            ),
            syntax_node_kind: "container_instance",
        },
    ],
    references: [
        Reference {
            kind: InstanceTarget,
            raw_text: "web",
            span: TextSpan {
                start_byte: 378,
                end_byte: 381,
                start_point: TextPoint {
                    row: 12,
                    column: 48,
                },
                end_point: TextPoint {
                    row: 12,
                    column: 51,
                },
            },
            target_hint: Element,
            container_node_kind: "container_instance",
            containing_symbol: Some(
                SymbolId(
                    7,
                ),
            ),
        },
        Reference {
            kind: InstanceTarget,
            raw_text: "api",
            span: TextSpan {
                start_byte: 497,
                end_byte: 500,
                start_point: TextPoint {
                    row: 15,
                    column: 48,
                },
                end_point: TextPoint {
                    row: 15,
                    column: 51,
                },
            },
            target_hint: Element,
            container_node_kind: "container_instance",
            containing_symbol: Some(
                SymbolId(
                    9,
                ),
            ),
        },
        Reference {
            kind: ViewScope,
            raw_text: "system",
            span: TextSpan {
                start_byte: 566,
                end_byte: 572,
                start_point: TextPoint {
                    row: 21,
                    column: 22,
                },
                end_point: TextPoint {
                    row: 21,
                    column: 28,
                },
            },
            target_hint: Element,
            container_node_kind: "system_context_view",
            containing_symbol: None,
        },
        Reference {
            kind: ViewInclude,
            raw_text: "user",
            span: TextSpan {
                start_byte: 612,
                end_byte: 616,
                start_point: TextPoint {
                    row: 22,
                    column: 20,
                },
                end_point: TextPoint {
                    row: 22,
                    column: 24,
                },
            },
            target_hint: ElementOrRelationship,
            container_node_kind: "system_context_view",
            containing_symbol: None,
        },
        Reference {
            kind: ViewInclude,
            raw_text: "system",
            span: TextSpan {
                start_byte: 617,
                end_byte: 623,
                start_point: TextPoint {
                    row: 22,
                    column: 25,
                },
                end_point: TextPoint {
                    row: 22,
                    column: 31,
                },
            },
            target_hint: ElementOrRelationship,
            container_node_kind: "system_context_view",
            containing_symbol: None,
        },
        Reference {
            kind: ViewAnimation,
            raw_text: "user",
            span: TextSpan {
                start_byte: 664,
                end_byte: 668,
                start_point: TextPoint {
                    row: 24,
                    column: 16,
                },
                end_point: TextPoint {
                    row: 24,
                    column: 20,
                },
            },
            target_hint: Element,
            container_node_kind: "system_context_view",
            containing_symbol: None,
        },
        Reference {
            kind: ViewAnimation,
            raw_text: "system",
            span: TextSpan {
                start_byte: 669,
                end_byte: 675,
                start_point: TextPoint {
                    row: 24,
                    column: 21,
                },
                end_point: TextPoint {
                    row: 24,
                    column: 27,
                },
            },
            target_hint: Element,
            container_node_kind: "system_context_view",
            containing_symbol: None,
        },
        Reference {
            kind: ViewScope,
            raw_text: "system",
            span: TextSpan {
                start_byte: 719,
                end_byte: 725,
                start_point: TextPoint {
                    row: 28,
                    column: 18,
                },
                end_point: TextPoint {
                    row: 28,
                    column: 24,
                },
            },
            target_hint: Element,
            container_node_kind: "container_view",
            containing_symbol: None,
        },
        Reference {
            kind: ViewInclude,
            raw_text: "web",
            span: TextSpan {
                start_byte: 765,
                end_byte: 768,
                start_point: TextPoint {
                    row: 29,
                    column: 20,
                },
                end_point: TextPoint {
                    row: 29,
                    column: 23,
                },
            },
            target_hint: ElementOrRelationship,
            container_node_kind: "container_view",
            containing_symbol: None,
        },
        Reference {
            kind: ViewInclude,
            raw_text: "api",
            span: TextSpan {
                start_byte: 769,
                end_byte: 772,
                start_point: TextPoint {
                    row: 29,
                    column: 24,
                },
                end_point: TextPoint {
                    row: 29,
                    column: 27,
                },
            },
            target_hint: ElementOrRelationship,
            container_node_kind: "container_view",
            containing_symbol: None,
        },
        Reference {
            kind: ViewAnimation,
            raw_text: "web",
            span: TextSpan {
                start_byte: 813,
                end_byte: 816,
                start_point: TextPoint {
                    row: 31,
                    column: 16,
                },
                end_point: TextPoint {
                    row: 31,
                    column: 19,
                },
            },
            target_hint: Element,
            container_node_kind: "container_view",
            containing_symbol: None,
        },
        Reference {
            kind: ViewAnimation,
            raw_text: "api",
            span: TextSpan {
                start_byte: 817,
                end_byte: 820,
                start_point: TextPoint {
                    row: 31,
                    column: 20,
                },
                end_point: TextPoint {
                    row: 31,
                    column: 23,
                },
            },
            target_hint: Element,
            container_node_kind: "container_view",
            containing_symbol: None,
        },
        Reference {
            kind: ViewScope,
            raw_text: "api",
            span: TextSpan {
                start_byte: 864,
                end_byte: 867,
                start_point: TextPoint {
                    row: 35,
                    column: 18,
                },
                end_point: TextPoint {
                    row: 35,
                    column: 21,
                },
            },
            target_hint: Element,
            container_node_kind: "component_view",
            containing_symbol: None,
        },
        Reference {
            kind: ViewInclude,
            raw_text: "worker",
            span: TextSpan {
                start_byte: 907,
                end_byte: 913,
                start_point: TextPoint {
                    row: 36,
                    column: 20,
                },
                end_point: TextPoint {
                    row: 36,
                    column: 26,
                },
            },
            target_hint: ElementOrRelationship,
            container_node_kind: "component_view",
            containing_symbol: None,
        },
        Reference {
            kind: ViewAnimation,
            raw_text: "worker",
            span: TextSpan {
                start_byte: 954,
                end_byte: 960,
                start_point: TextPoint {
                    row: 38,
                    column: 16,
                },
                end_point: TextPoint {
                    row: 38,
                    column: 22,
                },
            },
            target_hint: Element,
            container_node_kind: "component_view",
            containing_symbol: None,
        },
        Reference {
            kind: ViewScope,
            raw_text: "system",
            span: TextSpan {
                start_byte: 1005,
                end_byte: 1011,
                start_point: TextPoint {
                    row: 42,
                    column: 19,
                },
                end_point: TextPoint {
                    row: 42,
                    column: 25,
                },
            },
            target_hint: Element,
            container_node_kind: "deployment_view",
            containing_symbol: None,
        },
        Reference {
            kind: ViewInclude,
            raw_text: "primary",
            span: TextSpan {
                start_byte: 1041,
                end_byte: 1048,
                start_point: TextPoint {
                    row: 43,
                    column: 20,
                },
                end_point: TextPoint {
                    row: 43,
                    column: 27,
                },
            },
            target_hint: Deployment,
            container_node_kind: "deployment_view",
            containing_symbol: None,
        },
        Reference {
            kind: ViewInclude,
            raw_text: "secondary",
            span: TextSpan {
                start_byte: 1049,
                end_byte: 1058,
                start_point: TextPoint {
                    row: 43,
                    column: 28,
                },
                end_point: TextPoint {
                    row: 43,
                    column: 37,
                },
            },
            target_hint: Deployment,
            container_node_kind: "deployment_view",
            containing_symbol: None,
        },
        Reference {
            kind: ViewInclude,
            raw_text: "webInstance",
            span: TextSpan {
                start_byte: 1059,
                end_byte: 1070,
                start_point: TextPoint {
                    row: 43,
                    column: 38,
                },
                end_point: TextPoint {
                    row: 43,
                    column: 49,
                },
            },
            target_hint: Deployment,
            container_node_kind: "deployment_view",
            containing_symbol: None,
        },
        Reference {
            kind: ViewInclude,
            raw_text: "apiInstance",
            span: TextSpan {
                start_byte: 1071,
                end_byte: 1082,
                start_point: TextPoint {
                    row: 43,
                    column: 50,
                },
                end_point: TextPoint {
                    row: 43,
                    column: 61,
                },
            },
            target_hint: Deployment,
            container_node_kind: "deployment_view",
            containing_symbol: None,
        },
        Reference {
            kind: ViewAnimation,
            raw_text: "webInstance",
            span: TextSpan {
                start_byte: 1123,
                end_byte: 1134,
                start_point: TextPoint {
                    row: 45,
                    column: 16,
                },
                end_point: TextPoint {
                    row: 45,
                    column: 27,
                },
            },
            target_hint: Deployment,
            container_node_kind: "deployment_view",
            containing_symbol: None,
        },
        Reference {
            kind: ViewAnimation,
            raw_text: "apiInstance",
            span: TextSpan {
                start_byte: 1135,
                end_byte: 1146,
                start_point: TextPoint {
                    row: 45,
                    column: 28,
                },
                end_point: TextPoint {
                    row: 45,
                    column: 39,
                },
            },
            target_hint: Deployment,
            container_node_kind: "deployment_view",
            containing_symbol: None,
        },
    ],
}
