---
source: crates/strz-analysis/tests/workspace_index.rs
expression: "WorkspaceIndexSetView::from_facts(&facts, &fixture_root)"
---
WorkspaceIndexSetView {
    document_instances: [
        DocumentInstanceView {
            document: "workspace.dsl",
            instance_ids: [
                0,
            ],
        },
    ],
    merged_semantic_diagnostics: [],
    instances: [
        WorkspaceIndexView {
            id: 0,
            root_document: "workspace.dsl",
            documents: [
                "workspace.dsl",
            ],
            unique_element_bindings: [
                (
                    "api",
                    "workspace.dsl::api",
                ),
                (
                    "system",
                    "workspace.dsl::system",
                ),
            ],
            duplicate_element_bindings: [],
            unique_relationship_bindings: [],
            duplicate_relationship_bindings: [],
            reference_resolutions: [
                ReferenceResolutionView {
                    reference: "workspace.dsl::api@9:48",
                    status: "resolved workspace.dsl::api",
                },
                ReferenceResolutionView {
                    reference: "workspace.dsl::gateway@10:20",
                    status: "resolved workspace.dsl::gateway",
                },
                ReferenceResolutionView {
                    reference: "workspace.dsl::this@10:31",
                    status: "resolved workspace.dsl::apiInstance",
                },
                ReferenceResolutionView {
                    reference: "workspace.dsl::system@12:39",
                    status: "resolved workspace.dsl::system",
                },
                ReferenceResolutionView {
                    reference: "workspace.dsl::api@15:57",
                    status: "resolved workspace.dsl::api",
                },
                ReferenceResolutionView {
                    reference: "workspace.dsl::primary@18:12",
                    status: "resolved workspace.dsl::primary",
                },
                ReferenceResolutionView {
                    reference: "workspace.dsl::secondary@18:23",
                    status: "resolved workspace.dsl::secondary",
                },
                ReferenceResolutionView {
                    reference: "workspace.dsl::gateway@19:12",
                    status: "resolved workspace.dsl::gateway",
                },
                ReferenceResolutionView {
                    reference: "workspace.dsl::secondaryApiInstance@19:23",
                    status: "resolved workspace.dsl::secondaryApiInstance",
                },
            ],
            semantic_diagnostics: [],
        },
    ],
}
