---
source: crates/strz-analysis/tests/workspace_index.rs
expression: "WorkspaceIndexSetView::from_facts(&facts, &fixture_root)"
---
WorkspaceIndexSetView {
    document_instances: [
        DocumentInstanceView {
            document: "alpha.dsl",
            instance_ids: [
                0,
            ],
        },
        DocumentInstanceView {
            document: "beta.dsl",
            instance_ids: [
                1,
            ],
        },
        DocumentInstanceView {
            document: "shared/model.dsl",
            instance_ids: [
                0,
                1,
            ],
        },
        DocumentInstanceView {
            document: "shared/view.dsl",
            instance_ids: [
                0,
                1,
            ],
        },
    ],
    merged_semantic_diagnostics: [
        DiagnosticView {
            document: "shared/model.dsl",
            code: "semantic.multi-context-disagreement",
            message: "workspace contexts report different details for: multiple model sections are not permitted in a DSL definition (reported in all 2 contexts)",
            span: TextSpan {
                start_byte: 0,
                end_byte: 84,
                start_point: TextPoint {
                    row: 0,
                    column: 0,
                },
                end_point: TextPoint {
                    row: 4,
                    column: 1,
                },
            },
        },
        DiagnosticView {
            document: "shared/view.dsl",
            code: "semantic.multi-context-disagreement",
            message: "some workspace contexts report: unresolved element or relationship reference: api (no matching binding found) (reported in 1 of 2 contexts)",
            span: TextSpan {
                start_byte: 60,
                end_byte: 63,
                start_point: TextPoint {
                    row: 2,
                    column: 16,
                },
                end_point: TextPoint {
                    row: 2,
                    column: 19,
                },
            },
        },
    ],
    instances: [
        WorkspaceIndexView {
            id: 0,
            root_document: "alpha.dsl",
            documents: [
                "alpha.dsl",
                "shared/model.dsl",
                "shared/view.dsl",
            ],
            workspace_symbols: [
                WorkspaceSymbolView {
                    canonical_key: "api",
                    root_document: "alpha.dsl",
                    source_document: "shared/model.dsl",
                    symbol: "shared/model.dsl::api",
                },
                WorkspaceSymbolView {
                    canonical_key: "system",
                    root_document: "alpha.dsl",
                    source_document: "shared/model.dsl",
                    symbol: "shared/model.dsl::system",
                },
                WorkspaceSymbolView {
                    canonical_key: "user",
                    root_document: "alpha.dsl",
                    source_document: "alpha.dsl",
                    symbol: "alpha.dsl::user",
                },
            ],
            unique_element_bindings: [
                (
                    "api",
                    "shared/model.dsl::api",
                ),
                (
                    "system",
                    "shared/model.dsl::system",
                ),
                (
                    "user",
                    "alpha.dsl::user",
                ),
            ],
            duplicate_element_bindings: [],
            unique_relationship_bindings: [],
            duplicate_relationship_bindings: [],
            reference_resolutions: [
                ReferenceResolutionView {
                    reference: "shared/view.dsl::system@1:14",
                    status: "resolved shared/model.dsl::system",
                },
                ReferenceResolutionView {
                    reference: "shared/view.dsl::api@2:16",
                    status: "resolved shared/model.dsl::api",
                },
            ],
            semantic_diagnostics: [
                DiagnosticView {
                    document: "shared/model.dsl",
                    code: "semantic.repeated-workspace-section",
                    message: "multiple model sections are not permitted in a DSL definition",
                    span: TextSpan {
                        start_byte: 0,
                        end_byte: 84,
                        start_point: TextPoint {
                            row: 0,
                            column: 0,
                        },
                        end_point: TextPoint {
                            row: 4,
                            column: 1,
                        },
                    },
                },
            ],
        },
        WorkspaceIndexView {
            id: 1,
            root_document: "beta.dsl",
            documents: [
                "beta.dsl",
                "shared/model.dsl",
                "shared/view.dsl",
            ],
            workspace_symbols: [
                WorkspaceSymbolView {
                    canonical_key: "system",
                    root_document: "beta.dsl",
                    source_document: "shared/model.dsl",
                    symbol: "shared/model.dsl::system",
                },
                WorkspaceSymbolView {
                    canonical_key: "system.api",
                    root_document: "beta.dsl",
                    source_document: "shared/model.dsl",
                    symbol: "shared/model.dsl::api",
                },
                WorkspaceSymbolView {
                    canonical_key: "user",
                    root_document: "beta.dsl",
                    source_document: "beta.dsl",
                    symbol: "beta.dsl::user",
                },
            ],
            unique_element_bindings: [
                (
                    "system",
                    "shared/model.dsl::system",
                ),
                (
                    "system.api",
                    "shared/model.dsl::api",
                ),
                (
                    "user",
                    "beta.dsl::user",
                ),
            ],
            duplicate_element_bindings: [],
            unique_relationship_bindings: [],
            duplicate_relationship_bindings: [],
            reference_resolutions: [
                ReferenceResolutionView {
                    reference: "shared/view.dsl::system@1:14",
                    status: "resolved shared/model.dsl::system",
                },
                ReferenceResolutionView {
                    reference: "shared/view.dsl::api@2:16",
                    status: "unresolved",
                },
            ],
            semantic_diagnostics: [
                DiagnosticView {
                    document: "shared/model.dsl",
                    code: "semantic.repeated-workspace-section",
                    message: "multiple model sections are not permitted in a DSL definition",
                    span: TextSpan {
                        start_byte: 0,
                        end_byte: 84,
                        start_point: TextPoint {
                            row: 0,
                            column: 0,
                        },
                        end_point: TextPoint {
                            row: 4,
                            column: 1,
                        },
                    },
                },
                DiagnosticView {
                    document: "shared/view.dsl",
                    code: "semantic.unresolved-reference",
                    message: "unresolved element or relationship reference: api (no matching binding found)",
                    span: TextSpan {
                        start_byte: 60,
                        end_byte: 63,
                        start_point: TextPoint {
                            row: 2,
                            column: 16,
                        },
                        end_point: TextPoint {
                            row: 2,
                            column: 19,
                        },
                    },
                },
            ],
        },
    ],
}
