---
source: crates/strz-analysis/tests/workspace_index.rs
expression: "WorkspaceIndexSetView::from_facts(&facts, &fixture_root)"
---
WorkspaceIndexSetView {
    document_instances: [
        DocumentInstanceView {
            document: "alpha.dsl",
            instance_ids: [
                0,
            ],
        },
        DocumentInstanceView {
            document: "beta.dsl",
            instance_ids: [
                1,
            ],
        },
        DocumentInstanceView {
            document: "shared/details/alpha-details.dsl",
            instance_ids: [
                0,
            ],
        },
        DocumentInstanceView {
            document: "shared/details/beta-details.dsl",
            instance_ids: [
                1,
            ],
        },
        DocumentInstanceView {
            document: "shared/system.dsl",
            instance_ids: [
                0,
                1,
            ],
        },
    ],
    merged_semantic_diagnostics: [],
    instances: [
        WorkspaceIndexView {
            id: 0,
            root_document: "alpha.dsl",
            documents: [
                "alpha.dsl",
                "shared/system.dsl",
                "shared/details/alpha-details.dsl",
            ],
            workspace_symbols: [
                WorkspaceSymbolView {
                    canonical_key: "system",
                    root_document: "alpha.dsl",
                    source_document: "shared/system.dsl",
                    symbol: "shared/system.dsl::system",
                },
            ],
            unique_element_bindings: [
                (
                    "system",
                    "shared/system.dsl::system",
                ),
            ],
            duplicate_element_bindings: [],
            unique_relationship_bindings: [],
            duplicate_relationship_bindings: [],
            reference_resolutions: [],
            semantic_diagnostics: [],
        },
        WorkspaceIndexView {
            id: 1,
            root_document: "beta.dsl",
            documents: [
                "beta.dsl",
                "shared/system.dsl",
                "shared/details/beta-details.dsl",
            ],
            workspace_symbols: [
                WorkspaceSymbolView {
                    canonical_key: "system",
                    root_document: "beta.dsl",
                    source_document: "shared/system.dsl",
                    symbol: "shared/system.dsl::system",
                },
            ],
            unique_element_bindings: [
                (
                    "system",
                    "shared/system.dsl::system",
                ),
            ],
            duplicate_element_bindings: [],
            unique_relationship_bindings: [],
            duplicate_relationship_bindings: [],
            reference_resolutions: [],
            semantic_diagnostics: [],
        },
    ],
}
